[2026-04-01 10:15:01] [INFO] Starting batch report generation (concurrency=4, dry_run=false)
[2026-04-01 10:15:01] [INFO] Conferences: osdi-2025
[2026-04-01 10:15:01] [INFO] osdi-2025: 53 PDFs, 0 reports exist, 53 to generate
[2026-04-01 10:15:01] [START] papers/osdi-2025/osdi25-adam.pdf
[2026-04-01 10:15:01] [START] papers/osdi-2025/osdi25-athlur.pdf
[2026-04-01 10:15:01] [START] papers/osdi-2025/osdi25-bhat.pdf
[2026-04-01 10:15:01] [START] papers/osdi-2025/osdi25-chai-siyuan.pdf
[2026-04-01 10:17:27] [DONE] papers/osdi-2025/osdi25-bhat.pdf -> reports/osdi-2025/osdi25-bhat.md
[2026-04-01 10:17:27] [START] papers/osdi-2025/osdi25-chai-xiaohu.pdf
[2026-04-01 10:18:24] [DONE] papers/osdi-2025/osdi25-chai-siyuan.pdf -> reports/osdi-2025/osdi25-chai-siyuan.md
[2026-04-01 10:18:24] [START] papers/osdi-2025/osdi25-cheng.pdf
[2026-04-01 10:19:19] [DONE] papers/osdi-2025/osdi25-adam.pdf -> reports/osdi-2025/osdi25-adam.md
[2026-04-01 10:19:19] [START] papers/osdi-2025/osdi25-cui.pdf
[2026-04-01 10:19:31] [DONE] papers/osdi-2025/osdi25-athlur.pdf -> reports/osdi-2025/osdi25-athlur.md
[2026-04-01 10:19:31] [START] papers/osdi-2025/osdi25-domingo.pdf
[2026-04-01 10:22:15] [DONE] papers/osdi-2025/osdi25-domingo.pdf -> reports/osdi-2025/osdi25-domingo.md
[2026-04-01 10:22:15] [START] papers/osdi-2025/osdi25-dong.pdf
[2026-04-01 10:22:43] [DONE] papers/osdi-2025/osdi25-cui.pdf -> reports/osdi-2025/osdi25-cui.md
[2026-04-01 10:22:43] [START] papers/osdi-2025/osdi25-frank.pdf
[2026-04-01 10:25:38] [DONE] papers/osdi-2025/osdi25-frank.pdf -> reports/osdi-2025/osdi25-frank.md
[2026-04-01 10:25:38] [START] papers/osdi-2025/osdi25-gao.pdf
[2026-04-01 10:30:55] [DONE] papers/osdi-2025/osdi25-chai-xiaohu.pdf -> reports/osdi-2025/osdi25-chai-xiaohu.md
[2026-04-01 10:30:55] [START] papers/osdi-2025/osdi25-giortamis.pdf
[2026-04-01 10:32:00] [DONE] papers/osdi-2025/osdi25-cheng.pdf -> reports/osdi-2025/osdi25-cheng.md
[2026-04-01 10:32:00] [START] papers/osdi-2025/osdi25-guan.pdf
[2026-04-01 10:33:38] [DONE] papers/osdi-2025/osdi25-gao.pdf -> reports/osdi-2025/osdi25-gao.md
[2026-04-01 10:33:38] [START] papers/osdi-2025/osdi25-guo.pdf
[2026-04-01 10:33:43] [DONE] papers/osdi-2025/osdi25-giortamis.pdf -> reports/osdi-2025/osdi25-giortamis.md
[2026-04-01 10:33:43] [START] papers/osdi-2025/osdi25-he.pdf
[2026-04-01 10:35:47] [DONE] papers/osdi-2025/osdi25-dong.pdf -> reports/osdi-2025/osdi25-dong.md
[2026-04-01 10:35:47] [START] papers/osdi-2025/osdi25-huang-songlin.pdf
[2026-04-01 10:36:27] [DONE] papers/osdi-2025/osdi25-guo.pdf -> reports/osdi-2025/osdi25-guo.md
[2026-04-01 10:36:27] [START] papers/osdi-2025/osdi25-huang-yibo.pdf
[2026-04-01 10:37:01] [DONE] papers/osdi-2025/osdi25-he.pdf -> reports/osdi-2025/osdi25-he.md
[2026-04-01 10:37:01] [START] papers/osdi-2025/osdi25-jeong.pdf
[2026-04-01 10:37:35] [DONE] papers/osdi-2025/osdi25-guan.pdf -> reports/osdi-2025/osdi25-guan.md
[2026-04-01 10:37:35] [START] papers/osdi-2025/osdi25-jiang.pdf
[2026-04-01 10:38:43] [DONE] papers/osdi-2025/osdi25-huang-songlin.pdf -> reports/osdi-2025/osdi25-huang-songlin.md
[2026-04-01 10:38:43] [START] papers/osdi-2025/osdi25-leblanc.pdf
[2026-04-01 10:39:41] [DONE] papers/osdi-2025/osdi25-huang-yibo.pdf -> reports/osdi-2025/osdi25-huang-yibo.md
[2026-04-01 10:39:41] [START] papers/osdi-2025/osdi25-li.pdf
[2026-04-01 10:40:02] [DONE] papers/osdi-2025/osdi25-jeong.pdf -> reports/osdi-2025/osdi25-jeong.md
[2026-04-01 10:40:02] [START] papers/osdi-2025/osdi25-lin-jinkun.pdf
[2026-04-01 10:41:16] [DONE] papers/osdi-2025/osdi25-leblanc.pdf -> reports/osdi-2025/osdi25-leblanc.md
[2026-04-01 10:41:16] [START] papers/osdi-2025/osdi25-liu.pdf
[2026-04-01 10:43:01] [DONE] papers/osdi-2025/osdi25-li.pdf -> reports/osdi-2025/osdi25-li.md
[2026-04-01 10:43:01] [START] papers/osdi-2025/osdi25-lou.pdf
[2026-04-01 10:43:02] [DONE] papers/osdi-2025/osdi25-lin-jinkun.pdf -> reports/osdi-2025/osdi25-lin-jinkun.md
[2026-04-01 10:43:02] [START] papers/osdi-2025/osdi25-lyerly.pdf
[2026-04-01 10:46:19] [DONE] papers/osdi-2025/osdi25-lyerly.pdf -> reports/osdi-2025/osdi25-lyerly.md
[2026-04-01 10:46:19] [START] papers/osdi-2025/osdi25-miemietz.pdf
[2026-04-01 10:49:17] [DONE] papers/osdi-2025/osdi25-miemietz.pdf -> reports/osdi-2025/osdi25-miemietz.md
[2026-04-01 10:49:17] [START] papers/osdi-2025/osdi25-mohoney.pdf
[2026-04-01 10:50:45] [DONE] papers/osdi-2025/osdi25-jiang.pdf -> reports/osdi-2025/osdi25-jiang.md
[2026-04-01 10:50:45] [START] papers/osdi-2025/osdi25-pan.pdf
[2026-04-01 10:52:22] [DONE] papers/osdi-2025/osdi25-mohoney.pdf -> reports/osdi-2025/osdi25-mohoney.md
[2026-04-01 10:52:22] [START] papers/osdi-2025/osdi25-park-sujin.pdf
[2026-04-01 10:54:51] [DONE] papers/osdi-2025/osdi25-pan.pdf -> reports/osdi-2025/osdi25-pan.md
[2026-04-01 10:54:51] [START] papers/osdi-2025/osdi25-park-yeonhong.pdf
[2026-04-01 10:55:08] [DONE] papers/osdi-2025/osdi25-liu.pdf -> reports/osdi-2025/osdi25-liu.md
[2026-04-01 10:55:08] [START] papers/osdi-2025/osdi25-pismenny.pdf
[2026-04-01 10:55:12] [DONE] papers/osdi-2025/osdi25-park-sujin.pdf -> reports/osdi-2025/osdi25-park-sujin.md
[2026-04-01 10:55:12] [START] papers/osdi-2025/osdi25-ren.pdf
[2026-04-01 10:57:27] [DONE] papers/osdi-2025/osdi25-park-yeonhong.pdf -> reports/osdi-2025/osdi25-park-yeonhong.md
[2026-04-01 10:57:27] [START] papers/osdi-2025/osdi25-schuermann.pdf
[2026-04-01 10:57:27] [DONE] papers/osdi-2025/osdi25-pismenny.pdf -> reports/osdi-2025/osdi25-pismenny.md
[2026-04-01 10:57:27] [START] papers/osdi-2025/osdi25-shen-weihai.pdf
[2026-04-01 11:00:14] [DONE] papers/osdi-2025/osdi25-schuermann.pdf -> reports/osdi-2025/osdi25-schuermann.md
[2026-04-01 11:00:14] [START] papers/osdi-2025/osdi25-shen-weihang.pdf
[2026-04-01 11:03:33] [DONE] papers/osdi-2025/osdi25-shen-weihai.pdf -> reports/osdi-2025/osdi25-shen-weihai.md
[2026-04-01 11:03:33] [START] papers/osdi-2025/osdi25-soleimani.pdf
[2026-04-01 11:04:38] [DONE] papers/osdi-2025/osdi25-lou.pdf -> reports/osdi-2025/osdi25-lou.md
[2026-04-01 11:04:38] [START] papers/osdi-2025/osdi25-sun.pdf
[2026-04-01 11:06:42] [DONE] papers/osdi-2025/osdi25-soleimani.pdf -> reports/osdi-2025/osdi25-soleimani.md
[2026-04-01 11:06:42] [START] papers/osdi-2025/osdi25-tao.pdf
[2026-04-01 11:08:06] [DONE] papers/osdi-2025/osdi25-ren.pdf -> reports/osdi-2025/osdi25-ren.md
[2026-04-01 11:08:06] [START] papers/osdi-2025/osdi25-wang-weitao.pdf
[2026-04-01 11:09:06] [DONE] papers/osdi-2025/osdi25-tao.pdf -> reports/osdi-2025/osdi25-tao.md
[2026-04-01 11:09:06] [START] papers/osdi-2025/osdi25-wang-xiaoyang.pdf
[2026-04-01 11:10:17] [DONE] papers/osdi-2025/osdi25-sun.pdf -> reports/osdi-2025/osdi25-sun.md
[2026-04-01 11:10:17] [START] papers/osdi-2025/osdi25-wang-yun.pdf
[2026-04-01 11:10:40] [DONE] papers/osdi-2025/osdi25-wang-weitao.pdf -> reports/osdi-2025/osdi25-wang-weitao.md
[2026-04-01 11:10:40] [START] papers/osdi-2025/osdi25-wang-zheng.pdf
[2026-04-01 11:11:55] [DONE] papers/osdi-2025/osdi25-wang-xiaoyang.pdf -> reports/osdi-2025/osdi25-wang-xiaoyang.md
[2026-04-01 11:11:55] [START] papers/osdi-2025/osdi25-wang-zhuang.pdf
[2026-04-01 11:13:11] [DONE] papers/osdi-2025/osdi25-wang-yun.pdf -> reports/osdi-2025/osdi25-wang-yun.md
[2026-04-01 11:13:11] [START] papers/osdi-2025/osdi25-wu-mengdi.pdf
[2026-04-01 11:13:45] [DONE] papers/osdi-2025/osdi25-wang-zheng.pdf -> reports/osdi-2025/osdi25-wang-zheng.md
[2026-04-01 11:13:45] [START] papers/osdi-2025/osdi25-wu-yuanpei.pdf
[2026-04-01 11:14:19] [DONE] papers/osdi-2025/osdi25-shen-weihang.pdf -> reports/osdi-2025/osdi25-shen-weihang.md
[2026-04-01 11:14:19] [START] papers/osdi-2025/osdi25-xu.pdf
[2026-04-01 11:15:19] [DONE] papers/osdi-2025/osdi25-wang-zhuang.pdf -> reports/osdi-2025/osdi25-wang-zhuang.md
[2026-04-01 11:15:19] [START] papers/osdi-2025/osdi25-yedidia.pdf
[2026-04-01 11:16:06] [DONE] papers/osdi-2025/osdi25-wu-yuanpei.pdf -> reports/osdi-2025/osdi25-wu-yuanpei.md
[2026-04-01 11:16:06] [START] papers/osdi-2025/osdi25-zhang-dingyan.pdf
[2026-04-01 11:17:02] [DONE] papers/osdi-2025/osdi25-xu.pdf -> reports/osdi-2025/osdi25-xu.md
[2026-04-01 11:17:02] [START] papers/osdi-2025/osdi25-zhang-tianren.pdf
[2026-04-01 11:18:54] [DONE] papers/osdi-2025/osdi25-yedidia.pdf -> reports/osdi-2025/osdi25-yedidia.md
[2026-04-01 11:18:54] [START] papers/osdi-2025/osdi25-zhang-tony.pdf
[2026-04-01 11:19:48] [DONE] papers/osdi-2025/osdi25-zhang-dingyan.pdf -> reports/osdi-2025/osdi25-zhang-dingyan.md
[2026-04-01 11:19:48] [START] papers/osdi-2025/osdi25-zheng-yusheng.pdf
[2026-04-01 11:19:52] [DONE] papers/osdi-2025/osdi25-zhang-tianren.pdf -> reports/osdi-2025/osdi25-zhang-tianren.md
[2026-04-01 11:19:52] [START] papers/osdi-2025/osdi25-zhu-jinhao.pdf
[2026-04-01 11:22:08] [DONE] papers/osdi-2025/osdi25-zhu-jinhao.pdf -> reports/osdi-2025/osdi25-zhu-jinhao.md
[2026-04-01 11:22:08] [START] papers/osdi-2025/osdi25-zhu-kan.pdf
[2026-04-01 11:22:24] [DONE] papers/osdi-2025/osdi25-zhang-tony.pdf -> reports/osdi-2025/osdi25-zhang-tony.md
[2026-04-01 11:22:25] [DONE] papers/osdi-2025/osdi25-wu-mengdi.pdf -> reports/osdi-2025/osdi25-wu-mengdi.md
[2026-04-01 11:24:18] [INFO] Starting batch report generation (concurrency=8, dry_run=false)
[2026-04-01 11:24:18] [INFO] Conferences: sosp-2025
[2026-04-01 11:24:18] [INFO] sosp-2025: 66 PDFs, 0 reports exist, 66 to generate
[2026-04-01 11:24:18] [START] papers/sosp-2025/3731569.3764794.pdf
[2026-04-01 11:24:18] [START] papers/sosp-2025/3731569.3764795.pdf
[2026-04-01 11:24:18] [START] papers/sosp-2025/3731569.3764797.pdf
[2026-04-01 11:24:18] [START] papers/sosp-2025/3731569.3764796.pdf
[2026-04-01 11:24:18] [START] papers/sosp-2025/3731569.3764798.pdf
[2026-04-01 11:24:18] [START] papers/sosp-2025/3731569.3764799.pdf
[2026-04-01 11:24:18] [START] papers/sosp-2025/3731569.3764800.pdf
[2026-04-01 11:24:18] [START] papers/sosp-2025/3731569.3764801.pdf
[2026-04-01 11:24:55] [DONE] papers/osdi-2025/osdi25-zhu-kan.pdf -> reports/osdi-2025/osdi25-zhu-kan.md
[2026-04-01 11:26:56] [DONE] papers/sosp-2025/3731569.3764797.pdf -> reports/sosp-2025/3731569.3764797.md
[2026-04-01 11:26:56] [START] papers/sosp-2025/3731569.3764802.pdf
[2026-04-01 11:27:07] [DONE] papers/sosp-2025/3731569.3764796.pdf -> reports/sosp-2025/3731569.3764796.md
[2026-04-01 11:27:07] [START] papers/sosp-2025/3731569.3764803.pdf
[2026-04-01 11:27:25] [DONE] papers/sosp-2025/3731569.3764800.pdf -> reports/sosp-2025/3731569.3764800.md
[2026-04-01 11:27:25] [START] papers/sosp-2025/3731569.3764804.pdf
[2026-04-01 11:27:35] [DONE] papers/sosp-2025/3731569.3764801.pdf -> reports/sosp-2025/3731569.3764801.md
[2026-04-01 11:27:35] [START] papers/sosp-2025/3731569.3764805.pdf
[2026-04-01 11:27:35] [DONE] papers/sosp-2025/3731569.3764794.pdf -> reports/sosp-2025/3731569.3764794.md
[2026-04-01 11:27:35] [START] papers/sosp-2025/3731569.3764806.pdf
[2026-04-01 11:27:40] [DONE] papers/sosp-2025/3731569.3764795.pdf -> reports/sosp-2025/3731569.3764795.md
[2026-04-01 11:27:40] [START] papers/sosp-2025/3731569.3764807.pdf
[2026-04-01 11:28:05] [DONE] papers/sosp-2025/3731569.3764799.pdf -> reports/sosp-2025/3731569.3764799.md
[2026-04-01 11:28:05] [START] papers/sosp-2025/3731569.3764808.pdf
[2026-04-01 11:28:17] [DONE] papers/sosp-2025/3731569.3764798.pdf -> reports/sosp-2025/3731569.3764798.md
[2026-04-01 11:28:17] [START] papers/sosp-2025/3731569.3764809.pdf
[2026-04-01 11:30:31] [DONE] papers/sosp-2025/3731569.3764808.pdf -> reports/sosp-2025/3731569.3764808.md
[2026-04-01 11:30:31] [START] papers/sosp-2025/3731569.3764810.pdf
[2026-04-01 11:30:34] [DONE] papers/sosp-2025/3731569.3764805.pdf -> reports/sosp-2025/3731569.3764805.md
[2026-04-01 11:30:34] [START] papers/sosp-2025/3731569.3764811.pdf
[2026-04-01 11:30:51] [DONE] papers/sosp-2025/3731569.3764806.pdf -> reports/sosp-2025/3731569.3764806.md
[2026-04-01 11:30:51] [START] papers/sosp-2025/3731569.3764812.pdf
[2026-04-01 11:30:54] [DONE] papers/sosp-2025/3731569.3764803.pdf -> reports/sosp-2025/3731569.3764803.md
[2026-04-01 11:30:54] [START] papers/sosp-2025/3731569.3764813.pdf
[2026-04-01 11:31:28] [DONE] papers/sosp-2025/3731569.3764809.pdf -> reports/sosp-2025/3731569.3764809.md
[2026-04-01 11:31:28] [START] papers/sosp-2025/3731569.3764814.pdf
[2026-04-01 11:31:51] [DONE] papers/sosp-2025/3731569.3764802.pdf -> reports/sosp-2025/3731569.3764802.md
[2026-04-01 11:31:51] [START] papers/sosp-2025/3731569.3764815.pdf
[2026-04-01 11:32:09] [DONE] papers/sosp-2025/3731569.3764807.pdf -> reports/sosp-2025/3731569.3764807.md
[2026-04-01 11:32:09] [START] papers/sosp-2025/3731569.3764816.pdf
[2026-04-01 11:32:54] [DONE] papers/osdi-2025/osdi25-zheng-yusheng.pdf -> reports/osdi-2025/osdi25-zheng-yusheng.md
[2026-04-01 11:32:54] [INFO] === Summary ===
[2026-04-01 11:32:54] [SUMMARY] osdi-2025: 53/53 reports generated
[2026-04-01 11:32:54] [INFO] Log file: /Users/qliu/workspace/awesome-system-papers/reports/batch_report.log
[2026-04-01 11:33:27] [DONE] papers/sosp-2025/3731569.3764804.pdf -> reports/sosp-2025/3731569.3764804.md
[2026-04-01 11:33:27] [START] papers/sosp-2025/3731569.3764817.pdf
[2026-04-01 11:33:27] [DONE] papers/sosp-2025/3731569.3764812.pdf -> reports/sosp-2025/3731569.3764812.md
[2026-04-01 11:33:27] [START] papers/sosp-2025/3731569.3764818.pdf
[2026-04-01 11:33:55] [DONE] papers/sosp-2025/3731569.3764810.pdf -> reports/sosp-2025/3731569.3764810.md
[2026-04-01 11:33:55] [START] papers/sosp-2025/3731569.3764819.pdf
[2026-04-01 11:34:24] [DONE] papers/sosp-2025/3731569.3764814.pdf -> reports/sosp-2025/3731569.3764814.md
[2026-04-01 11:34:24] [START] papers/sosp-2025/3731569.3764820.pdf
[2026-04-01 11:34:54] [DONE] papers/sosp-2025/3731569.3764813.pdf -> reports/sosp-2025/3731569.3764813.md
[2026-04-01 11:34:55] [START] papers/sosp-2025/3731569.3764821.pdf
[2026-04-01 11:36:07] [DONE] papers/sosp-2025/3731569.3764818.pdf -> reports/sosp-2025/3731569.3764818.md
[2026-04-01 11:36:07] [START] papers/sosp-2025/3731569.3764822.pdf
[2026-04-01 11:36:08] [DONE] papers/sosp-2025/3731569.3764817.pdf -> reports/sosp-2025/3731569.3764817.md
[2026-04-01 11:36:08] [START] papers/sosp-2025/3731569.3764823.pdf
[2026-04-01 11:37:57] [DONE] papers/sosp-2025/3731569.3764821.pdf -> reports/sosp-2025/3731569.3764821.md
[2026-04-01 11:37:57] [START] papers/sosp-2025/3731569.3764824.pdf
[2026-04-01 11:38:16] [DONE] papers/sosp-2025/3731569.3764820.pdf -> reports/sosp-2025/3731569.3764820.md
[2026-04-01 11:38:16] [START] papers/sosp-2025/3731569.3764825.pdf
[2026-04-01 11:38:49] [DONE] papers/sosp-2025/3731569.3764823.pdf -> reports/sosp-2025/3731569.3764823.md
[2026-04-01 11:38:49] [START] papers/sosp-2025/3731569.3764826.pdf
[2026-04-01 11:38:56] [DONE] papers/sosp-2025/3731569.3764822.pdf -> reports/sosp-2025/3731569.3764822.md
[2026-04-01 11:38:56] [START] papers/sosp-2025/3731569.3764827.pdf
[2026-04-01 11:41:04] [DONE] papers/sosp-2025/3731569.3764824.pdf -> reports/sosp-2025/3731569.3764824.md
[2026-04-01 11:41:04] [START] papers/sosp-2025/3731569.3764828.pdf
[2026-04-01 11:41:56] [DONE] papers/sosp-2025/3731569.3764826.pdf -> reports/sosp-2025/3731569.3764826.md
[2026-04-01 11:41:56] [START] papers/sosp-2025/3731569.3764829.pdf
[2026-04-01 11:42:10] [DONE] papers/sosp-2025/3731569.3764827.pdf -> reports/sosp-2025/3731569.3764827.md
[2026-04-01 11:42:10] [START] papers/sosp-2025/3731569.3764830.pdf
[2026-04-01 11:42:24] [DONE] papers/sosp-2025/3731569.3764825.pdf -> reports/sosp-2025/3731569.3764825.md
[2026-04-01 11:42:25] [START] papers/sosp-2025/3731569.3764831.pdf
[2026-04-01 11:44:54] [DONE] papers/sosp-2025/3731569.3764811.pdf -> reports/sosp-2025/3731569.3764811.md
[2026-04-01 11:44:55] [START] papers/sosp-2025/3731569.3764832.pdf
[2026-04-01 11:45:05] [DONE] papers/sosp-2025/3731569.3764829.pdf -> reports/sosp-2025/3731569.3764829.md
[2026-04-01 11:45:05] [START] papers/sosp-2025/3731569.3764833.pdf
[2026-04-01 11:45:17] [DONE] papers/sosp-2025/3731569.3764831.pdf -> reports/sosp-2025/3731569.3764831.md
[2026-04-01 11:45:17] [START] papers/sosp-2025/3731569.3764834.pdf
[2026-04-01 11:45:20] [DONE] papers/sosp-2025/3731569.3764830.pdf -> reports/sosp-2025/3731569.3764830.md
[2026-04-01 11:45:20] [START] papers/sosp-2025/3731569.3764835.pdf
[2026-04-01 11:46:58] [DONE] papers/sosp-2025/3731569.3764819.pdf -> reports/sosp-2025/3731569.3764819.md
[2026-04-01 11:46:58] [START] papers/sosp-2025/3731569.3764836.pdf
[2026-04-01 11:47:24] [DONE] papers/sosp-2025/3731569.3764833.pdf -> reports/sosp-2025/3731569.3764833.md
[2026-04-01 11:47:24] [START] papers/sosp-2025/3731569.3764837.pdf
[2026-04-01 11:47:38] [DONE] papers/sosp-2025/3731569.3764832.pdf -> reports/sosp-2025/3731569.3764832.md
[2026-04-01 11:47:38] [START] papers/sosp-2025/3731569.3764838.pdf
[2026-04-01 11:48:14] [DONE] papers/sosp-2025/3731569.3764835.pdf -> reports/sosp-2025/3731569.3764835.md
[2026-04-01 11:48:14] [START] papers/sosp-2025/3731569.3764839.pdf
[2026-04-01 11:48:24] [DONE] papers/sosp-2025/3731569.3764834.pdf -> reports/sosp-2025/3731569.3764834.md
[2026-04-01 11:48:24] [START] papers/sosp-2025/3731569.3764840.pdf
[2026-04-01 11:49:55] [DONE] papers/sosp-2025/3731569.3764837.pdf -> reports/sosp-2025/3731569.3764837.md
[2026-04-01 11:49:55] [START] papers/sosp-2025/3731569.3764841.pdf
[2026-04-01 11:50:20] [DONE] papers/sosp-2025/3731569.3764836.pdf -> reports/sosp-2025/3731569.3764836.md
[2026-04-01 11:50:20] [START] papers/sosp-2025/3731569.3764842.pdf
[2026-04-01 11:50:27] [DONE] papers/sosp-2025/3731569.3764828.pdf -> reports/sosp-2025/3731569.3764828.md
[2026-04-01 11:50:27] [START] papers/sosp-2025/3731569.3764843.pdf
[2026-04-01 11:51:15] [DONE] papers/sosp-2025/3731569.3764839.pdf -> reports/sosp-2025/3731569.3764839.md
[2026-04-01 11:51:15] [START] papers/sosp-2025/3731569.3764844.pdf
[2026-04-01 11:51:29] [DONE] papers/sosp-2025/3731569.3764840.pdf -> reports/sosp-2025/3731569.3764840.md
[2026-04-01 11:51:29] [START] papers/sosp-2025/3731569.3764845.pdf
[2026-04-01 11:51:46] [DONE] papers/sosp-2025/3731569.3764838.pdf -> reports/sosp-2025/3731569.3764838.md
[2026-04-01 11:51:46] [START] papers/sosp-2025/3731569.3764846.pdf
[2026-04-01 11:52:31] [DONE] papers/sosp-2025/3731569.3764841.pdf -> reports/sosp-2025/3731569.3764841.md
[2026-04-01 11:52:31] [START] papers/sosp-2025/3731569.3764847.pdf
[2026-04-01 11:53:32] [DONE] papers/sosp-2025/3731569.3764842.pdf -> reports/sosp-2025/3731569.3764842.md
[2026-04-01 11:53:32] [START] papers/sosp-2025/3731569.3764848.pdf
[2026-04-01 11:53:43] [DONE] papers/sosp-2025/3731569.3764843.pdf -> reports/sosp-2025/3731569.3764843.md
[2026-04-01 11:53:43] [START] papers/sosp-2025/3731569.3764849.pdf
[2026-04-01 11:54:47] [DONE] papers/sosp-2025/3731569.3764845.pdf -> reports/sosp-2025/3731569.3764845.md
[2026-04-01 11:54:47] [START] papers/sosp-2025/3731569.3764850.pdf
[2026-04-01 11:55:08] [DONE] papers/sosp-2025/3731569.3764846.pdf -> reports/sosp-2025/3731569.3764846.md
[2026-04-01 11:55:08] [START] papers/sosp-2025/3731569.3764851.pdf
[2026-04-01 11:55:26] [DONE] papers/sosp-2025/3731569.3764844.pdf -> reports/sosp-2025/3731569.3764844.md
[2026-04-01 11:55:26] [START] papers/sosp-2025/3731569.3764852.pdf
[2026-04-01 11:56:06] [DONE] papers/sosp-2025/3731569.3764847.pdf -> reports/sosp-2025/3731569.3764847.md
[2026-04-01 11:56:06] [START] papers/sosp-2025/3731569.3764853.pdf
[2026-04-01 11:56:10] [DONE] papers/sosp-2025/3731569.3764815.pdf -> reports/sosp-2025/3731569.3764815.md
[2026-04-01 11:56:10] [START] papers/sosp-2025/3731569.3764854.pdf
[2026-04-01 11:56:46] [DONE] papers/sosp-2025/3731569.3764849.pdf -> reports/sosp-2025/3731569.3764849.md
[2026-04-01 11:56:46] [START] papers/sosp-2025/3731569.3764855.pdf
[2026-04-01 11:57:58] [DONE] papers/sosp-2025/3731569.3764851.pdf -> reports/sosp-2025/3731569.3764851.md
[2026-04-01 11:57:58] [START] papers/sosp-2025/3731569.3764856.pdf
[2026-04-01 11:58:07] [DONE] papers/sosp-2025/3731569.3764848.pdf -> reports/sosp-2025/3731569.3764848.md
[2026-04-01 11:58:07] [START] papers/sosp-2025/3731569.3764857.pdf
[2026-04-01 11:58:37] [DONE] papers/sosp-2025/3731569.3764852.pdf -> reports/sosp-2025/3731569.3764852.md
[2026-04-01 11:58:37] [START] papers/sosp-2025/3731569.3764858.pdf
[2026-04-01 11:59:28] [DONE] papers/sosp-2025/3731569.3764853.pdf -> reports/sosp-2025/3731569.3764853.md
[2026-04-01 11:59:28] [START] papers/sosp-2025/3731569.3768291.pdf
[2026-04-01 11:59:43] [DONE] papers/sosp-2025/3731569.3764816.pdf -> reports/sosp-2025/3731569.3764816.md
[2026-04-01 12:00:18] [DONE] papers/sosp-2025/3731569.3764855.pdf -> reports/sosp-2025/3731569.3764855.md
[2026-04-01 12:01:00] [DONE] papers/sosp-2025/3731569.3764856.pdf -> reports/sosp-2025/3731569.3764856.md
[2026-04-01 12:02:05] [DONE] papers/sosp-2025/3731569.3764858.pdf -> reports/sosp-2025/3731569.3764858.md
[2026-04-01 12:06:11] [DONE] papers/sosp-2025/3731569.3764850.pdf -> reports/sosp-2025/3731569.3764850.md
[2026-04-01 12:07:26] [DONE] papers/sosp-2025/3731569.3768291.pdf -> reports/sosp-2025/3731569.3768291.md
[2026-04-01 12:13:37] [DONE] papers/sosp-2025/3731569.3764857.pdf -> reports/sosp-2025/3731569.3764857.md
[2026-04-01 12:29:56] [DONE] papers/sosp-2025/3731569.3764854.pdf -> reports/sosp-2025/3731569.3764854.md
[2026-04-01 12:29:56] [INFO] === Summary ===
[2026-04-01 12:29:56] [SUMMARY] sosp-2025: 66/66 reports generated
[2026-04-01 12:29:56] [INFO] Log file: /Users/qliu/workspace/awesome-system-papers/reports/batch_report.log
